// Jest Snapshot v1, https://goo.gl/fbAQLP

exports[`Dom Element Tests ActionButton Tests ActionButton should be smaller for Mobile (Device Width 768px or smaller) 1`] = `
.c0 {
  background: #FFF;
  border: 0.2rem #00008D solid;
  color: #00008D;
  cursor: pointer;
  font: 900 0.8rem/1rem Verdana,Arial,Helvetica,sans-serif;
  margin: 1rem auto;
  outline: none;
  padding: 0.5rem;
}

.c0:hover {
  border: 0.2rem #f9b600 solid;
  color: #f9b600;
  opacity: 0.85;
  -webkit-transition: 0.3s;
  transition: 0.3s;
}

@media (max-width:768px) {
  .c0 {
    width: 6.4rem;
    left: 13.6rem;
    position: absolute;
    top: 4.7rem;
  }
}

<button
  className="c0"
/>
`;

exports[`Dom Element Tests ActionButton Tests ActionButton should have pointer to denote it can be pressed 1`] = `
.c0 {
  background: #FFF;
  border: 0.2rem #00008D solid;
  color: #00008D;
  cursor: pointer;
  font: 900 0.8rem/1rem Verdana,Arial,Helvetica,sans-serif;
  margin: 1rem auto;
  outline: none;
  padding: 0.5rem;
}

.c0:hover {
  border: 0.2rem #f9b600 solid;
  color: #f9b600;
  opacity: 0.85;
  -webkit-transition: 0.3s;
  transition: 0.3s;
}

@media (max-width:768px) {
  .c0 {
    width: 6.4rem;
    left: 13.6rem;
    position: absolute;
    top: 4.7rem;
  }
}

<button
  className="c0"
/>
`;

exports[`Dom Element Tests ActionButton Tests ActionButton should turn orange (#f9b600) when hovered 1`] = `
.c0 {
  background: #FFF;
  border: 0.2rem #00008D solid;
  color: #00008D;
  cursor: pointer;
  font: 900 0.8rem/1rem Verdana,Arial,Helvetica,sans-serif;
  margin: 1rem auto;
  outline: none;
  padding: 0.5rem;
}

.c0:hover {
  border: 0.2rem #f9b600 solid;
  color: #f9b600;
  opacity: 0.85;
  -webkit-transition: 0.3s;
  transition: 0.3s;
}

@media (max-width:768px) {
  .c0 {
    width: 6.4rem;
    left: 13.6rem;
    position: absolute;
    top: 4.7rem;
  }
}

<button
  className="c0"
/>
`;

exports[`Dom Element Tests BoardSurround Tests BoardSurround to be 60rem wide by default 1`] = `
.c0 {
  text-align: center;
  width: 60rem;
  height: 46rem;
  padding: 1.6rem 1.6rem 0.5rem;
  margin: 0 auto;
  background: #F1F1F1;
}

@media (max-width:768px) {
  .c0 {
    -webkit-flex-direction: column;
    -ms-flex-direction: column;
    flex-direction: column;
    width: 90%;
    height: 46rem;
  }
}

<div
  className="c0"
/>
`;

exports[`Dom Element Tests Date Tests Date is secondary colour (#5D5D5D - Dark Grey) 1`] = `
.c0 {
  width: 20rem;
  padding: 1.6rem 1.6rem 0.5rem;
  border: 0.25rem #00008D solid;
  background: #FFF;
  border-radius: 1rem;
}

<div
  className="c0"
/>
`;
